
T9260.hs:12:8: error:
    • Couldn't match type ‘2’ with ‘1’
      Expected: Fin 1
        Actual: Fin ((0 + 1) + 1)
    • In the expression: Fsucc Fzero
      In an equation for ‘test’: test = Fsucc Fzero
