RecordDotSyntaxFail2.hs:9:15: parse error on input ‘.’
